BL51 BANKED LINKER/LOCATER V6.22                                                        11/02/2021  15:46:43  PAGE 1


BL51 BANKED LINKER/LOCATER V6.22, INVOKED BY:
C:\KEIL\C51\BIN\BL51.EXE test.obj, motor.obj, uart.obj, radar.obj, delay.obj TO test RAMSIZE (256)


MEMORY MODEL: SMALL WITH FLOATING POINT ARITHMETIC


INPUT MODULES INCLUDED:
  test.obj (TEST)
  motor.obj (MOTOR)
  uart.obj (UART)
  radar.obj (RADAR)
  delay.obj (DELAY)
  C:\KEIL\C51\LIB\C51FPS.LIB (?C?FPDIV)
  C:\KEIL\C51\LIB\C51FPS.LIB (?C?FCAST)
  C:\KEIL\C51\LIB\C51FPS.LIB (?C?CASTF)
  C:\KEIL\C51\LIB\C51FPS.LIB (?C?FPGETOPN)
  C:\KEIL\C51\LIB\C51S.LIB (?C_STARTUP)
  C:\KEIL\C51\LIB\C51S.LIB (?C?CLDOPTR)
  C:\KEIL\C51\LIB\C51S.LIB (?C?CSTPTR)
  C:\KEIL\C51\LIB\C51S.LIB (?C?CSTOPTR)
  C:\KEIL\C51\LIB\C51S.LIB (?C?IMUL)
  C:\KEIL\C51\LIB\C51S.LIB (?C?SIDIV)
  C:\KEIL\C51\LIB\C51S.LIB (?C?LNEG)
  C:\KEIL\C51\LIB\C51S.LIB (?C_INIT)
  C:\KEIL\C51\LIB\C51S.LIB (?C?UIDIV)


LINK MAP OF MODULE:  test (TEST)


            TYPE    BASE      LENGTH    RELOCATION   SEGMENT NAME
            -----------------------------------------------------

            * * * * * * *   D A T A   M E M O R Y   * * * * * * *
            REG     0000H     0008H     ABSOLUTE     "REG BANK 0"
            DATA    0008H     000EH     UNIT         ?DT?TEST
            DATA    0016H     000AH     UNIT         _DATA_GROUP_
            BIT     0020H.0   0000H.1   UNIT         ?BI?TEST
                    0020H.1   0000H.7                *** GAP ***
            DATA    0021H     0003H     UNIT         ?DT?RADAR
            IDATA   0024H     0001H     UNIT         ?STACK

            * * * * * * *   C O D E   M E M O R Y   * * * * * * *
            CODE    0000H     0003H     ABSOLUTE     
            CODE    0003H     001BH     UNIT         ?PR?UARTINIT?UART
                    001EH     0005H                  *** GAP ***
            CODE    0023H     0003H     ABSOLUTE     
            CODE    0026H     026BH     UNIT         ?C?LIB_CODE
            CODE    0291H     01FAH     UNIT         ?PR?MAIN?TEST
            CODE    048BH     00E4H     UNIT         ?PR?_INT2STR?TEST
            CODE    056FH     008CH     UNIT         ?C_C51STARTUP
            CODE    05FBH     0073H     UNIT         ?CO?TEST
            CODE    066EH     004DH     UNIT         ?PR?MOTORINIT?MOTOR
            CODE    06BBH     0049H     UNIT         ?PR?_MOTORSETLEFTSPEED?MOTOR
            CODE    0704H     0049H     UNIT         ?PR?_MOTORSETRIGHTSPEED?MOTOR
            CODE    074DH     0047H     UNIT         ?PR?_MOTORSETSTATE?MOTOR
            CODE    0794H     002BH     UNIT         ?PR?_UARTSTRTX?UART
BL51 BANKED LINKER/LOCATER V6.22                                                      11/02/2021  15:46:43  PAGE 2


            CODE    07BFH     002BH     UNIT         ?PR?RADARGETDISTANCE?RADAR
            CODE    07EAH     0019H     UNIT         ?C_INITSEG
            CODE    0803H     0015H     UNIT         ?PR?_DELAY_NMS?DELAY
            CODE    0818H     0010H     UNIT         ?PR?UART1_ISR?TEST
            CODE    0828H     000FH     UNIT         ?PR?DELAY_200MS?DELAY
            CODE    0837H     000EH     UNIT         ?PR?RADARINIT?RADAR
            CODE    0845H     000CH     UNIT         ?PR?_UARTCHARTX?UART
            CODE    0851H     0009H     UNIT         ?PR?DELAY500US?DELAY
            CODE    085AH     0009H     UNIT         ?PR?DELAY50US?DELAY
            CODE    0863H     0009H     UNIT         ?PR?DELAY900US?DELAY
            CODE    086CH     0009H     UNIT         ?PR?DELAY1MS?DELAY
            CODE    0875H     0009H     UNIT         ?PR?DELAY4500US?DELAY
            CODE    087EH     0009H     UNIT         ?PR?DELAY600US?DELAY
            CODE    0887H     0007H     UNIT         ?PR?DELAY3US?DELAY
            CODE    088EH     0007H     UNIT         ?PR?DELAY30US?DELAY
            CODE    0895H     0007H     UNIT         ?PR?DELAY10US?DELAY



OVERLAY MAP OF MODULE:   test (TEST)


SEGMENT                                 DATA_GROUP 
  +--> CALLED SEGMENT                 START    LENGTH
-----------------------------------------------------
?C_C51STARTUP                         -----    -----
  +--> ?PR?MAIN?TEST
  +--> ?C_INITSEG

?PR?MAIN?TEST                         -----    -----
  +--> ?PR?MOTORINIT?MOTOR
  +--> ?PR?UARTINIT?UART
  +--> ?PR?RADARINIT?RADAR
  +--> ?PR?RADARGETDISTANCE?RADAR
  +--> ?PR?_DELAY_NMS?DELAY
  +--> ?PR?_INT2STR?TEST
  +--> ?PR?_UARTSTRTX?UART
  +--> ?CO?TEST
  +--> ?PR?_MOTORSETSTATE?MOTOR
  +--> ?PR?_MOTORSETLEFTSPEED?MOTOR
  +--> ?PR?_MOTORSETRIGHTSPEED?MOTOR
  +--> ?PR?_UARTCHARTX?UART

?PR?MOTORINIT?MOTOR                   -----    -----
  +--> ?PR?_MOTORSETSTATE?MOTOR

?PR?_MOTORSETSTATE?MOTOR              0016H    0002H
  +--> ?PR?_MOTORSETLEFTSPEED?MOTOR
  +--> ?PR?_MOTORSETRIGHTSPEED?MOTOR

?PR?RADARGETDISTANCE?RADAR            -----    -----
  +--> ?PR?DELAY10US?DELAY

?PR?_INT2STR?TEST                     0016H    000AH

?PR?_UARTSTRTX?UART                   0016H    0005H
  +--> ?PR?_UARTCHARTX?UART
BL51 BANKED LINKER/LOCATER V6.22                                                      11/02/2021  15:46:43  PAGE 3





SYMBOL TABLE OF MODULE:  test (TEST)

  VALUE           TYPE          NAME
  ----------------------------------

  -------         MODULE        TEST
  C:0000H         SYMBOL        _ICE_DUMMY_
  D:0096H         PUBLIC        P2M0
  D:0080H         PUBLIC        P0
  D:0095H         PUBLIC        P2M1
  D:0090H         PUBLIC        P1
  D:00A0H         PUBLIC        P2
  D:00B0H         PUBLIC        P3
  D:00C0H         PUBLIC        P4
  D:00C8H         PUBLIC        P5
  B:00A8H.7       PUBLIC        EA
  D:00E8H         PUBLIC        P6
  D:00F8H         PUBLIC        P7
  D:00A8H         PUBLIC        IE
  B:0080H.0       PUBLIC        alarm
  D:0008H         PUBLIC        speed
  D:00B8H         PUBLIC        IP
  B:0098H.0       PUBLIC        RI
  B:0098H.1       PUBLIC        TI
  D:00D8H         PUBLIC        CCON
  C:0291H         PUBLIC        main
  D:0009H         PUBLIC        status
  D:0099H         PUBLIC        SBUF
  D:0098H         PUBLIC        SCON
  D:0088H         PUBLIC        TCON
  C:0818H         PUBLIC        UART1_ISR
  D:000BH         PUBLIC        dis
  C:0495H         PUBLIC        _int2str
  D:000DH         PUBLIC        dis_buf
  B:0020H.0       PUBLIC        rx_flag
  D:0013H         PUBLIC        dis2
  D:0015H         PUBLIC        bTemp
  D:00D0H         PUBLIC        PSW
  -------         PROC          L?0029
  -------         ENDPROC       L?0029
  -------         PROC          _INT2STR
  D:0016H         SYMBOL        distance
  D:0018H         SYMBOL        dis
  -------         DO            
  D:001BH         SYMBOL        num_10k
  D:001CH         SYMBOL        num_1k
  D:001DH         SYMBOL        num_100
  D:001EH         SYMBOL        num_10
  D:001FH         SYMBOL        num_1
  D:001BH         SYMBOL        i
  -------         ENDDO         
  -------         DO            
  D:001BH         SYMBOL        i
  -------         ENDDO         
BL51 BANKED LINKER/LOCATER V6.22                                                      11/02/2021  15:46:43  PAGE 4


  C:0495H         LINE#         18
  C:049FH         LINE#         19
  C:049FH         LINE#         20
  C:04AFH         LINE#         21
  C:04AFH         LINE#         22
  C:04BBH         LINE#         23
  C:04D2H         LINE#         24
  C:04E9H         LINE#         25
  C:0500H         LINE#         26
  C:0510H         LINE#         28
  C:0515H         LINE#         29
  C:0523H         LINE#         30
  C:052BH         LINE#         31
  C:0533H         LINE#         32
  C:053BH         LINE#         33
  C:053BH         LINE#         34
  C:053DH         LINE#         36
  C:053DH         LINE#         37
  C:0542H         LINE#         38
  C:0542H         LINE#         39
  C:0542H         LINE#         40
  C:0553H         LINE#         41
  C:0561H         LINE#         42
  C:056EH         LINE#         43
  C:056EH         LINE#         44
  -------         ENDPROC       _INT2STR
  -------         PROC          MAIN
  C:0291H         LINE#         48
  C:0291H         LINE#         49
  C:0291H         LINE#         51
  C:0294H         LINE#         52
  C:0296H         LINE#         53
  C:0299H         LINE#         54
  C:029CH         LINE#         55
  C:029FH         LINE#         56
  C:02A1H         LINE#         57
  C:02A3H         LINE#         59
  C:02A3H         LINE#         60
  C:02A3H         LINE#         63
  C:02AAH         LINE#         64
  C:02B5H         LINE#         65
  C:02C0H         LINE#         66
  C:02C7H         LINE#         67
  C:02CEH         LINE#         68
  C:02D9H         LINE#         69
  C:02E4H         LINE#         70
  C:02ECH         LINE#         71
  C:0308H         LINE#         72
  C:0308H         LINE#         73
  C:0324H         LINE#         74
  C:0324H         LINE#         75
  C:0327H         LINE#         76
  C:0330H         LINE#         77
  C:0339H         LINE#         78
  C:0342H         LINE#         79
  C:0345H         LINE#         80
  C:0348H         LINE#         81
BL51 BANKED LINKER/LOCATER V6.22                                                      11/02/2021  15:46:43  PAGE 5


  C:034FH         LINE#         82
  C:0354H         LINE#         83
  C:0356H         LINE#         85
  C:0356H         LINE#         86
  C:0356H         LINE#         87
  C:0356H         LINE#         95
  C:035CH         LINE#         96
  C:035CH         LINE#         97
  C:035EH         LINE#         99
  C:0391H         LINE#         100
  C:0391H         LINE#         101
  C:039AH         LINE#         102
  C:039DH         LINE#         103
  C:03A4H         LINE#         104
  C:03A9H         LINE#         105
  C:03ABH         LINE#         106
  C:03AEH         LINE#         108
  C:03AEH         LINE#         109
  C:03B7H         LINE#         110
  C:03BAH         LINE#         111
  C:03C1H         LINE#         112
  C:03C7H         LINE#         113
  C:03C9H         LINE#         114
  C:03CCH         LINE#         116
  C:03CCH         LINE#         117
  C:03D5H         LINE#         118
  C:03D8H         LINE#         119
  C:03DFH         LINE#         120
  C:03E5H         LINE#         121
  C:03E7H         LINE#         122
  C:03EAH         LINE#         124
  C:03EAH         LINE#         125
  C:03F3H         LINE#         126
  C:03F6H         LINE#         127
  C:03FDH         LINE#         128
  C:0403H         LINE#         129
  C:0405H         LINE#         130
  C:0408H         LINE#         132
  C:0408H         LINE#         133
  C:0411H         LINE#         134
  C:0414H         LINE#         135
  C:041BH         LINE#         136
  C:0421H         LINE#         137
  C:0423H         LINE#         138
  C:0426H         LINE#         140
  C:0426H         LINE#         141
  C:042FH         LINE#         142
  C:0431H         LINE#         143
  C:0436H         LINE#         144
  C:043BH         LINE#         145
  C:0440H         LINE#         146
  C:0445H         LINE#         147
  C:044EH         LINE#         148
  C:0451H         LINE#         150
  C:0451H         LINE#         152
  C:0453H         LINE#         153
  C:0458H         LINE#         154
BL51 BANKED LINKER/LOCATER V6.22                                                      11/02/2021  15:46:43  PAGE 6


  C:045DH         LINE#         155
  C:0462H         LINE#         156
  C:0467H         LINE#         158
  C:046AH         LINE#         162
  C:046AH         LINE#         163
  C:046DH         LINE#         164
  C:0476H         LINE#         165
  C:047FH         LINE#         166
  C:0488H         LINE#         167
  -------         ENDPROC       MAIN
  -------         PROC          UART1_ISR
  C:0818H         LINE#         180
  C:0818H         LINE#         184
  C:081BH         LINE#         185
  C:081BH         LINE#         186
  C:081DH         LINE#         187
  C:0820H         LINE#         188
  C:0822H         LINE#         189
  C:0822H         LINE#         190
  C:0825H         LINE#         191
  C:0825H         LINE#         192
  C:0827H         LINE#         193
  C:0827H         LINE#         194
  -------         ENDPROC       UART1_ISR
  -------         ENDMOD        TEST

  -------         MODULE        MOTOR
  C:0000H         SYMBOL        _ICE_DUMMY_
  D:0080H         PUBLIC        P0
  D:0090H         PUBLIC        P1
  D:00A0H         PUBLIC        P2
  D:00B0H         PUBLIC        P3
  D:00C0H         PUBLIC        P4
  D:00C8H         PUBLIC        P5
  D:00E8H         PUBLIC        P6
  D:00F8H         PUBLIC        P7
  D:00F5H         PUBLIC        PWMCR
  D:00BAH         PUBLIC        P_SW2
  D:00A8H         PUBLIC        IE
  D:00B8H         PUBLIC        IP
  D:00D8H         PUBLIC        CCON
  D:0098H         PUBLIC        SCON
  D:0088H         PUBLIC        TCON
  D:00F1H         PUBLIC        PWMCFG
  B:00A0H.7       PUBLIC        IN1
  B:00A0H.6       PUBLIC        IN2
  B:00A0H.5       PUBLIC        IN3
  C:066EH         PUBLIC        motorInit
  B:00A0H.4       PUBLIC        IN4
  B:00A0H.3       PUBLIC        ENA
  B:00A0H.2       PUBLIC        ENB
  C:0704H         PUBLIC        _motorSetRightSpeed
  C:06BBH         PUBLIC        _motorSetLeftSpeed
  C:074DH         PUBLIC        _motorSetState
  D:00D0H         PUBLIC        PSW
  -------         PROC          MOTORINIT
  C:066EH         LINE#         3
BL51 BANKED LINKER/LOCATER V6.22                                                      11/02/2021  15:46:43  PAGE 7


  C:066EH         LINE#         4
  C:066EH         LINE#         5
  C:0671H         LINE#         6
  C:0676H         LINE#         7
  C:0678H         LINE#         8
  C:0682H         LINE#         10
  C:0684H         LINE#         11
  C:0686H         LINE#         13
  C:068BH         LINE#         14
  C:0691H         LINE#         15
  C:0699H         LINE#         17
  C:069EH         LINE#         18
  C:06A4H         LINE#         19
  C:06ACH         LINE#         21
  C:06AFH         LINE#         22
  C:06B2H         LINE#         23
  C:06B5H         LINE#         25
  -------         ENDPROC       MOTORINIT
  -------         PROC          _MOTORSETLEFTSPEED
  D:0007H         SYMBOL        wide
  C:06BBH         LINE#         30
  C:06BBH         LINE#         31
  C:06BBH         LINE#         32
  C:06BEH         LINE#         33
  C:06BEH         LINE#         34
  C:06C1H         LINE#         35
  C:06F7H         LINE#         36
  C:06FAH         LINE#         37
  C:06FDH         LINE#         38
  C:06FEH         LINE#         40
  C:06FEH         LINE#         41
  C:0701H         LINE#         42
  C:0703H         LINE#         43
  C:0703H         LINE#         44
  -------         ENDPROC       _MOTORSETLEFTSPEED
  -------         PROC          _MOTORSETRIGHTSPEED
  D:0007H         SYMBOL        wide
  C:0704H         LINE#         46
  C:0704H         LINE#         47
  C:0704H         LINE#         48
  C:0707H         LINE#         49
  C:0707H         LINE#         50
  C:070AH         LINE#         51
  C:0740H         LINE#         52
  C:0743H         LINE#         53
  C:0746H         LINE#         54
  C:0747H         LINE#         56
  C:0747H         LINE#         57
  C:074AH         LINE#         58
  C:074CH         LINE#         59
  C:074CH         LINE#         60
  -------         ENDPROC       _MOTORSETRIGHTSPEED
  -------         PROC          _MOTORSETSTATE
  D:0016H         SYMBOL        state
  D:0017H         SYMBOL        speed
  C:074DH         LINE#         62
  C:0751H         LINE#         63
BL51 BANKED LINKER/LOCATER V6.22                                                      11/02/2021  15:46:43  PAGE 8


  C:0751H         LINE#         64
  C:0756H         LINE#         65
  C:075BH         LINE#         66
  C:076DH         LINE#         67
  C:076DH         LINE#         68
  C:076DH         LINE#         69
  C:0775H         LINE#         70
  C:0776H         LINE#         72
  C:0776H         LINE#         73
  C:077AH         LINE#         74
  C:077CH         LINE#         76
  C:077CH         LINE#         77
  C:0780H         LINE#         78
  C:0782H         LINE#         80
  C:0782H         LINE#         81
  C:078AH         LINE#         82
  C:078BH         LINE#         84
  C:078BH         LINE#         85
  C:0793H         LINE#         87
  C:0793H         LINE#         88
  C:0793H         LINE#         89
  C:0793H         LINE#         90
  -------         ENDPROC       _MOTORSETSTATE
  -------         ENDMOD        MOTOR

  -------         MODULE        UART
  C:0000H         SYMBOL        _ICE_DUMMY_
  D:0080H         PUBLIC        P0
  D:0090H         PUBLIC        P1
  D:00A0H         PUBLIC        P2
  D:00B0H         PUBLIC        P3
  D:00C0H         PUBLIC        P4
  D:00C8H         PUBLIC        P5
  D:00E8H         PUBLIC        P6
  D:00F8H         PUBLIC        P7
  C:0845H         PUBLIC        _uartCharTx
  D:00A8H         PUBLIC        IE
  B:00A8H.4       PUBLIC        ES
  D:00B8H         PUBLIC        IP
  B:0098H.1       PUBLIC        TI
  D:00D8H         PUBLIC        CCON
  D:0099H         PUBLIC        SBUF
  D:0098H         PUBLIC        SCON
  D:0089H         PUBLIC        TMOD
  D:0088H         PUBLIC        TCON
  D:008EH         PUBLIC        AUXR
  C:0794H         PUBLIC        _uartStrTx
  B:00A8H.3       PUBLIC        ET1
  D:008DH         PUBLIC        TH1
  D:008BH         PUBLIC        TL1
  C:0003H         PUBLIC        uartInit
  B:0088H.6       PUBLIC        TR1
  B:0098H.4       PUBLIC        REN
  D:00D0H         PUBLIC        PSW
  -------         PROC          UARTINIT
  C:0003H         LINE#         3
  C:0003H         LINE#         4
BL51 BANKED LINKER/LOCATER V6.22                                                      11/02/2021  15:46:43  PAGE 9


  C:0003H         LINE#         5
  C:0006H         LINE#         6
  C:0009H         LINE#         7
  C:000CH         LINE#         8
  C:000FH         LINE#         9
  C:0012H         LINE#         10
  C:0015H         LINE#         11
  C:0017H         LINE#         12
  C:0019H         LINE#         13
  C:001BH         LINE#         14
  C:001DH         LINE#         15
  -------         ENDPROC       UARTINIT
  -------         PROC          _UARTSTRTX
  D:0016H         SYMBOL        str
  -------         DO            
  D:0019H         SYMBOL        idx
  -------         ENDDO         
  C:0794H         LINE#         17
  C:079AH         LINE#         18
  C:079AH         LINE#         19
  C:079FH         LINE#         20
  C:07B1H         LINE#         21
  C:07B1H         LINE#         22
  C:07B4H         LINE#         23
  C:07BCH         LINE#         24
  C:07BEH         LINE#         25
  -------         ENDPROC       _UARTSTRTX
  -------         PROC          _UARTCHARTX
  D:0007H         SYMBOL        data1
  C:0845H         LINE#         27
  C:0845H         LINE#         28
  C:0845H         LINE#         29
  C:0847H         LINE#         30
  C:0849H         LINE#         31
  C:084BH         LINE#         32
  C:084EH         LINE#         33
  C:0850H         LINE#         34
  -------         ENDPROC       _UARTCHARTX
  -------         ENDMOD        UART

  -------         MODULE        RADAR
  C:0000H         SYMBOL        _ICE_DUMMY_
  D:0080H         PUBLIC        P0
  D:0090H         PUBLIC        P1
  D:00A0H         PUBLIC        P2
  D:00B0H         PUBLIC        P3
  D:00C0H         PUBLIC        P4
  D:00C8H         PUBLIC        P5
  D:00E8H         PUBLIC        P6
  B:0090H.4       PUBLIC        SR_Echo
  D:00F8H         PUBLIC        P7
  D:00A8H         PUBLIC        IE
  D:00B8H         PUBLIC        IP
  B:0090H.5       PUBLIC        SR_Trig
  C:0837H         PUBLIC        radarInit
  D:00D8H         PUBLIC        CCON
  D:0098H         PUBLIC        SCON
BL51 BANKED LINKER/LOCATER V6.22                                                      11/02/2021  15:46:43  PAGE 10


  D:0089H         PUBLIC        TMOD
  D:0088H         PUBLIC        TCON
  D:0021H         PUBLIC        len
  B:00A8H.1       PUBLIC        ET0
  D:008CH         PUBLIC        TH0
  D:008AH         PUBLIC        TL0
  B:0088H.4       PUBLIC        TR0
  C:07BFH         PUBLIC        radarGetDistance
  D:0023H         PUBLIC        i
  D:00D0H         PUBLIC        PSW
  -------         PROC          RADARINIT
  C:0837H         LINE#         5
  C:0837H         LINE#         6
  C:0837H         LINE#         7
  C:083AH         LINE#         8
  C:083DH         LINE#         9
  C:0840H         LINE#         10
  C:0842H         LINE#         11
  C:0844H         LINE#         12
  -------         ENDPROC       RADARINIT
  -------         PROC          RADARGETDISTANCE
  C:07BFH         LINE#         14
  C:07BFH         LINE#         15
  C:07BFH         LINE#         16
  C:07C1H         LINE#         17
  C:07C4H         LINE#         18
  C:07C6H         LINE#         19
  C:07C9H         LINE#         20
  C:07CBH         LINE#         21
  C:07CEH         LINE#         22
  C:07D0H         LINE#         23
  C:07E0H         LINE#         24
  C:07E3H         LINE#         25
  C:07E5H         LINE#         26
  C:07E9H         LINE#         27
  -------         ENDPROC       RADARGETDISTANCE
  -------         ENDMOD        RADAR

  -------         MODULE        DELAY
  C:0000H         SYMBOL        _ICE_DUMMY_
  D:0080H         PUBLIC        P0
  D:0090H         PUBLIC        P1
  C:0803H         PUBLIC        _Delay_Nms
  D:00A0H         PUBLIC        P2
  D:00B0H         PUBLIC        P3
  D:00C0H         PUBLIC        P4
  C:086CH         PUBLIC        Delay1ms
  D:00C8H         PUBLIC        P5
  D:00E8H         PUBLIC        P6
  D:00F8H         PUBLIC        P7
  D:00A8H         PUBLIC        IE
  C:0887H         PUBLIC        Delay3us
  D:00B8H         PUBLIC        IP
  D:00D8H         PUBLIC        CCON
  C:0875H         PUBLIC        Delay4500us
  D:0098H         PUBLIC        SCON
  D:0088H         PUBLIC        TCON
BL51 BANKED LINKER/LOCATER V6.22                                                      11/02/2021  15:46:43  PAGE 11


  C:0895H         PUBLIC        Delay10us
  C:088EH         PUBLIC        Delay30us
  C:085AH         PUBLIC        Delay50us
  C:0828H         PUBLIC        Delay_200ms
  C:0851H         PUBLIC        Delay500us
  C:087EH         PUBLIC        Delay600us
  C:0863H         PUBLIC        Delay900us
  D:00D0H         PUBLIC        PSW
  -------         PROC          DELAY_200MS
  -------         DO            
  D:0007H         SYMBOL        i
  D:0006H         SYMBOL        j
  D:0005H         SYMBOL        k
  -------         ENDDO         
  C:0828H         LINE#         3
  C:0828H         LINE#         4
  C:0828H         LINE#         6
  C:0829H         LINE#         7
  C:082AH         LINE#         8
  C:082CH         LINE#         9
  C:082EH         LINE#         10
  C:0830H         LINE#         11
  C:0830H         LINE#         12
  C:0830H         LINE#         13
  C:0832H         LINE#         14
  C:0834H         LINE#         15
  C:0836H         LINE#         16
  -------         ENDPROC       DELAY_200MS
  -------         PROC          _DELAY_NMS
  D:0006H         SYMBOL        n_ms
  -------         DO            
  D:0005H         SYMBOL        i
  D:0004H         SYMBOL        j
  -------         ENDDO         
  C:0803H         LINE#         18
  C:0803H         LINE#         19
  C:0803H         LINE#         21
  C:080DH         LINE#         22
  C:080FH         LINE#         23
  C:0811H         LINE#         24
  C:0811H         LINE#         25
  C:0813H         LINE#         26
  C:0815H         LINE#         27
  C:0817H         LINE#         28
  -------         ENDPROC       _DELAY_NMS
  -------         PROC          DELAY500US
  -------         DO            
  D:0007H         SYMBOL        i
  D:0006H         SYMBOL        j
  -------         ENDDO         
  C:0851H         LINE#         30
  C:0851H         LINE#         31
  C:0851H         LINE#         33
  C:0853H         LINE#         34
  C:0855H         LINE#         35
  C:0855H         LINE#         36
  C:0857H         LINE#         37
BL51 BANKED LINKER/LOCATER V6.22                                                      11/02/2021  15:46:43  PAGE 12


  C:0859H         LINE#         38
  -------         ENDPROC       DELAY500US
  -------         PROC          DELAY50US
  -------         DO            
  D:0007H         SYMBOL        i
  D:0006H         SYMBOL        j
  -------         ENDDO         
  C:085AH         LINE#         40
  C:085AH         LINE#         41
  C:085AH         LINE#         43
  C:085CH         LINE#         44
  C:085EH         LINE#         45
  C:085EH         LINE#         46
  C:0860H         LINE#         47
  C:0862H         LINE#         48
  -------         ENDPROC       DELAY50US
  -------         PROC          DELAY3US
  -------         DO            
  D:0007H         SYMBOL        i
  -------         ENDDO         
  C:0887H         LINE#         50
  C:0887H         LINE#         51
  C:0887H         LINE#         53
  C:0888H         LINE#         54
  C:0889H         LINE#         55
  C:088BH         LINE#         56
  C:088DH         LINE#         57
  -------         ENDPROC       DELAY3US
  -------         PROC          DELAY30US
  -------         DO            
  D:0007H         SYMBOL        i
  -------         ENDDO         
  C:088EH         LINE#         59
  C:088EH         LINE#         60
  C:088EH         LINE#         62
  C:088FH         LINE#         63
  C:0890H         LINE#         64
  C:0892H         LINE#         65
  C:0894H         LINE#         66
  -------         ENDPROC       DELAY30US
  -------         PROC          DELAY10US
  -------         DO            
  D:0007H         SYMBOL        i
  -------         ENDDO         
  C:0895H         LINE#         68
  C:0895H         LINE#         69
  C:0895H         LINE#         71
  C:0896H         LINE#         72
  C:0897H         LINE#         73
  C:0899H         LINE#         74
  C:089BH         LINE#         75
  -------         ENDPROC       DELAY10US
  -------         PROC          DELAY900US
  -------         DO            
  D:0007H         SYMBOL        i
  D:0006H         SYMBOL        j
  -------         ENDDO         
BL51 BANKED LINKER/LOCATER V6.22                                                      11/02/2021  15:46:43  PAGE 13


  C:0863H         LINE#         77
  C:0863H         LINE#         78
  C:0863H         LINE#         80
  C:0865H         LINE#         81
  C:0867H         LINE#         82
  C:0867H         LINE#         83
  C:0869H         LINE#         84
  C:086BH         LINE#         85
  -------         ENDPROC       DELAY900US
  -------         PROC          DELAY1MS
  -------         DO            
  D:0007H         SYMBOL        i
  D:0006H         SYMBOL        j
  -------         ENDDO         
  C:086CH         LINE#         87
  C:086CH         LINE#         88
  C:086CH         LINE#         90
  C:086EH         LINE#         91
  C:0870H         LINE#         92
  C:0870H         LINE#         93
  C:0872H         LINE#         94
  C:0874H         LINE#         95
  -------         ENDPROC       DELAY1MS
  -------         PROC          DELAY4500US
  -------         DO            
  D:0007H         SYMBOL        i
  D:0006H         SYMBOL        j
  -------         ENDDO         
  C:0875H         LINE#         97
  C:0875H         LINE#         98
  C:0875H         LINE#         100
  C:0877H         LINE#         101
  C:0879H         LINE#         102
  C:0879H         LINE#         103
  C:087BH         LINE#         104
  C:087DH         LINE#         105
  -------         ENDPROC       DELAY4500US
  -------         PROC          DELAY600US
  -------         DO            
  D:0007H         SYMBOL        i
  D:0006H         SYMBOL        j
  -------         ENDDO         
  C:087EH         LINE#         107
  C:087EH         LINE#         108
  C:087EH         LINE#         110
  C:0880H         LINE#         111
  C:0882H         LINE#         112
  C:0882H         LINE#         113
  C:0884H         LINE#         114
  C:0886H         LINE#         115
  -------         ENDPROC       DELAY600US
  -------         ENDMOD        DELAY

  -------         MODULE        ?C?FPDIV
  C:0029H         PUBLIC        ?C?FPDIV
  -------         ENDMOD        ?C?FPDIV

BL51 BANKED LINKER/LOCATER V6.22                                                      11/02/2021  15:46:43  PAGE 14


  -------         MODULE        ?C?FCAST
  C:00D0H         PUBLIC        ?C?FCASTC
  C:00CBH         PUBLIC        ?C?FCASTI
  C:00C6H         PUBLIC        ?C?FCASTL
  -------         ENDMOD        ?C?FCAST

  -------         MODULE        ?C?CASTF
  C:0104H         PUBLIC        ?C?CASTF
  -------         ENDMOD        ?C?CASTF

  -------         MODULE        ?C?CLDOPTR
  C:0185H         PUBLIC        ?C?CLDOPTR
  -------         ENDMOD        ?C?CLDOPTR

  -------         MODULE        ?C?CSTPTR
  C:01B2H         PUBLIC        ?C?CSTPTR
  -------         ENDMOD        ?C?CSTPTR

  -------         MODULE        ?C?CSTOPTR
  C:01C4H         PUBLIC        ?C?CSTOPTR
  -------         ENDMOD        ?C?CSTOPTR

  -------         MODULE        ?C?IMUL
  C:01E6H         PUBLIC        ?C?IMUL
  -------         ENDMOD        ?C?IMUL

  -------         MODULE        ?C?SIDIV
  C:01F8H         PUBLIC        ?C?SIDIV
  -------         ENDMOD        ?C?SIDIV

  -------         MODULE        ?C?LNEG
  C:022EH         PUBLIC        ?C?LNEG
  -------         ENDMOD        ?C?LNEG

  -------         MODULE        ?C?UIDIV
  C:023CH         PUBLIC        ?C?UIDIV
  -------         ENDMOD        ?C?UIDIV

*** WARNING L16: UNCALLED SEGMENT, IGNORED FOR OVERLAY PROCESS
    SEGMENT: ?PR?DELAY_200MS?DELAY

*** WARNING L16: UNCALLED SEGMENT, IGNORED FOR OVERLAY PROCESS
    SEGMENT: ?PR?DELAY500US?DELAY

*** WARNING L16: UNCALLED SEGMENT, IGNORED FOR OVERLAY PROCESS
    SEGMENT: ?PR?DELAY50US?DELAY

*** WARNING L16: UNCALLED SEGMENT, IGNORED FOR OVERLAY PROCESS
    SEGMENT: ?PR?DELAY3US?DELAY

*** WARNING L16: UNCALLED SEGMENT, IGNORED FOR OVERLAY PROCESS
    SEGMENT: ?PR?DELAY30US?DELAY

*** WARNING L16: UNCALLED SEGMENT, IGNORED FOR OVERLAY PROCESS
    SEGMENT: ?PR?DELAY900US?DELAY

*** WARNING L16: UNCALLED SEGMENT, IGNORED FOR OVERLAY PROCESS
BL51 BANKED LINKER/LOCATER V6.22                                                      11/02/2021  15:46:43  PAGE 15


    SEGMENT: ?PR?DELAY1MS?DELAY

*** WARNING L16: UNCALLED SEGMENT, IGNORED FOR OVERLAY PROCESS
    SEGMENT: ?PR?DELAY4500US?DELAY

*** WARNING L16: UNCALLED SEGMENT, IGNORED FOR OVERLAY PROCESS
    SEGMENT: ?PR?DELAY600US?DELAY

Program Size: data=36.1 xdata=0 code=2199
LINK/LOCATE RUN COMPLETE.  9 WARNING(S),  0 ERROR(S)
